// Jest Snapshot v1, https://goo.gl/fbAQLP

exports[`<Loading /> spnapshot Check the UI of <Loading /> 1`] = `
<div
  className="sc-AykKC fPQizN"
>
  <div />
  <div />
  <div />
  <div />
  <div />
  <div />
  <div />
  <div />
</div>
`;
